 Image pf-loja-assistente-frontend Building 
#1 [internal] load local bake definitions
#1 reading from stdin 1.37kB 0.0s done
#1 DONE 0.0s

#2 [internal] load build definition from Dockerfile
#2 transferring dockerfile: 685B done
#2 DONE 0.0s

#3 [internal] load metadata for docker.io/library/node:24.19.0-bookworm-slim
#3 DONE 0.0s

#4 [internal] load .dockerignore
#4 transferring context: 105B done
#4 DONE 0.0s

#5 [dependencies 1/4] FROM docker.io/library/node:24.19.0-bookworm-slim@sha256:a9f5f7c91a432850b2a8a7797adf5eadb6c733ceed61167806cee7ea7fbc29df
#5 resolve docker.io/library/node:24.19.0-bookworm-slim@sha256:a9f5f7c91a432850b2a8a7797adf5eadb6c733ceed61167806cee7ea7fbc29df 0.0s done
#5 DONE 0.0s

#6 [internal] load build context
#6 transferring context: 2.17kB done
#6 DONE 0.0s

#7 [dependencies 2/4] WORKDIR /app
#7 CACHED

#8 [dependencies 4/4] RUN npm ci --no-audit --no-fund
#8 CACHED

#9 [build 1/2] COPY . .
#9 CACHED

#10 [runtime 3/4] COPY --from=build --chown=node:node /app/.next/standalone ./
#10 CACHED

#11 [dependencies 3/4] COPY package.json package-lock.json ./
#11 CACHED

#12 [build 2/2] RUN npm run build
#12 CACHED

#13 [runtime 4/4] COPY --from=build --chown=node:node /app/.next/static ./.next/static
#13 CACHED

#14 exporting to image
#14 exporting layers done
#14 exporting manifest sha256:708644689d227cebd98c8cd0e988a1d29e44133c173c683b52ad1d5cf3bb1d08 0.0s done
#14 exporting config sha256:dace4384e06ef3ca6ddb329e35e049606cdce6d116e9c4e6a1dd676960c96ef3 0.0s done
#14 exporting attestation manifest sha256:cc8189ba57b613d52763c223cb4a90a967d0a9a301c3dcbc41b253fe8d8f1b45
#14 exporting attestation manifest sha256:cc8189ba57b613d52763c223cb4a90a967d0a9a301c3dcbc41b253fe8d8f1b45 0.0s done
#14 exporting manifest list sha256:d3cd954531d8e202c0909674f291621eb721013f423c20651ee78c43b8c93dd8 0.0s done
#14 naming to docker.io/library/pf-loja-assistente-frontend:latest done
#14 unpacking to docker.io/library/pf-loja-assistente-frontend:latest 0.0s done
#14 DONE 0.1s

#15 resolving provenance for metadata file
#15 DONE 0.0s
 Image pf-loja-assistente-frontend Built 
